2026-10-06 02:48:47.353: [INFO][Sync] SyncState after authenticated was: FeatureCanStart
2026-10-06 02:48:47.466: [INFO][SyncAuthManager::SetLastAuthError] Current auth error: None
2026-10-06 02:48:47.466: [INFO][SyncAuthManager::EdgeLogTokenErrorState] Token error with: None for account type: AAD
2026-10-06 02:48:47.466: [INFO][Sync] Credentials changed for: EdgeSyncKeyDataScope
2026-10-06 02:48:47.466: [INFO][Sync] Try to start sync engine
2026-10-06 02:48:47.468: [INFO][SyncEngineBackend::LoadAndConnectNigoriController] Load and connect Nigori controller
2026-10-06 02:48:47.468: [INFO][SyncEngineBackend::DoInitialize] Control Types added: 
2026-10-06 02:48:47.468: [INFO][SyncManagerImpl::ConfigureSyncer] Types to download:  with reason: 4
2026-10-06 02:48:47.468: [INFO][SyncEngineBackend::DoUpdateKeyDataCredentials] Update key data credentials
2026-10-06 02:48:47.476: [INFO][Sync] Started DataTypeManager configuration, reason: 4
2026-10-06 02:48:47.476: [INFO][Sync] Configuring for: Bookmarks, Preferences, Passwords, Autofill Profiles, Autofill, Extensions, Sessions, Extension settings, History Delete Directives, Device Info, User Consents, Send Tab To Self, Web Apps, History, Saved Tab Group, WebAuthn Credentials, Edge Hub App Usage, Edge Workspace, Encryption Keys, reason: 4, current state: 0
2026-10-06 02:48:47.476: [INFO][SyncEngineBackend::DoStartConfiguration] Start configuration
2026-10-06 02:48:47.477: [INFO][Sync] Configure, desired: Bookmarks, Preferences, Passwords, Autofill Profiles, Autofill, Extensions, Sessions, Extension settings, History Delete Directives, Device Info, User Consents, Send Tab To Self, Web Apps, History, Saved Tab Group, WebAuthn Credentials, Edge Hub App Usage, Edge Workspace, Encryption Keys; Allow fail: 
2026-10-06 02:48:47.477: [INFO][Sync] Loading: Bookmarks
2026-10-06 02:48:47.477: [INFO][Sync] Loading: Preferences
2026-10-06 02:48:47.477: [INFO][Sync] Loading: Passwords
2026-10-06 02:48:47.477: [INFO][Sync] Loading: Autofill Profiles
2026-10-06 02:48:47.477: [INFO][Sync] Loading: Autofill
2026-10-06 02:48:47.477: [INFO][Sync] Loading: Extensions
2026-10-06 02:48:47.477: [INFO][Sync] Loading: Sessions
2026-10-06 02:48:47.477: [INFO][Sync] Loading: Extension settings
2026-10-06 02:48:47.477: [INFO][Sync] Loading: History Delete Directives
2026-10-06 02:48:47.477: [INFO][Sync] Loading: Device Info
2026-10-06 02:48:47.477: [INFO][Sync] Loading: User Consents
2026-10-06 02:48:47.477: [INFO][Sync] Loading: Send Tab To Self
2026-10-06 02:48:47.477: [INFO][Sync] Loading: Web Apps
2026-10-06 02:48:47.477: [INFO][Sync] Loading: History
2026-10-06 02:48:47.477: [INFO][Sync] Loading: Saved Tab Group
2026-10-06 02:48:47.477: [INFO][Sync] Loading: WebAuthn Credentials
2026-10-06 02:48:47.477: [INFO][Sync] Loading: Edge Hub App Usage
2026-10-06 02:48:47.478: [INFO][Sync] Loading: Edge Workspace
2026-10-06 02:48:47.481: [INFO][SyncAuthManager::SetLastAuthError] Current auth error: None
2026-10-06 02:48:47.481: [INFO][SyncAuthManager::EdgeLogTokenErrorState] Token error with: None for account type: AAD
2026-10-06 02:48:47.481: [INFO][Sync] Credentials changed for: EdgeSyncScopeNew
2026-10-06 02:48:47.481: [INFO][SyncEngineBackend::DoUpdateCredentials] Update credentials
2026-10-06 02:48:47.481: [INFO][SyncEngineBackend::DoUpdateKeyDataCredentials] Update key data credentials
2026-10-06 02:48:47.658: [INFO][Sync] All data types are ready for configure.
2026-10-06 02:48:47.658: [INFO][SyncManagerImpl::ConfigureSyncer] Types to download:  with reason: 4
2026-10-06 02:48:47.658: [INFO][SyncEngineBackend::DoFinishConfigureDataTypes] Failed to download types:  and succeeded types: 
2026-10-06 02:48:47.658: [INFO][Sync] ConfigurationDone, failed: , succeeded: , remaining count: 3
2026-10-06 02:48:47.658: [INFO][SyncManagerImpl::ConfigureSyncer] Types to download:  with reason: 4
2026-10-06 02:48:47.658: [INFO][SyncEngineBackend::DoFinishConfigureDataTypes] Failed to download types:  and succeeded types: 
2026-10-06 02:48:47.658: [INFO][Sync] ConfigurationDone, failed: , succeeded: , remaining count: 2
2026-10-06 02:48:47.658: [INFO][SyncManagerImpl::ConfigureSyncer] Types to download:  with reason: 4
2026-10-06 02:48:47.658: [INFO][SyncEngineBackend::DoFinishConfigureDataTypes] Failed to download types:  and succeeded types: 
2026-10-06 02:48:47.658: [INFO][Sync] ConfigurationDone, failed: , succeeded: , remaining count: 1
2026-10-06 02:48:47.658: [INFO][SyncManagerImpl::ConfigureSyncer] Types to download:  with reason: 4
2026-10-06 02:48:47.658: [INFO][SyncEngineBackend::DoFinishConfigureDataTypes] Failed to download types:  and succeeded types: 
2026-10-06 02:48:47.658: [INFO][Sync] ConfigurationDone, failed: , succeeded: , remaining count: 0
2026-10-06 02:48:47.658: [INFO][Sync]     Configuration completed, state: 3
2026-10-06 02:48:47.658: [INFO][Sync] Configured DataTypeManager: Ok
2026-10-06 02:48:47.660: [INFO][SyncEngineBackend::DoStartSyncing] Start syncing
2026-10-06 02:48:53.133: [INFO][Sync] Reset engine, reason: 0
2026-10-06 02:48:53.133: [INFO][Sync] Reset engine with reason: 0
